<html>
<body>
<pre>
<h1>µVision Build Log</h1>
<h2>Tool Versions:</h2>
IDE-Version: ¦ÌVision V5.41.0.0
Copyright (C) 2024 ARM Ltd and ARM Germany GmbH. All rights reserved.
License Information: 1 984906729@qq.com, 1, LIC=FYKYW-QSDNY-2ZNW4-FWKAT-XPR12-LIZLA
 
Tool Versions:
Toolchain:       MDK-ARM Plus  Version: 5.41.0.0
Toolchain Path:  D:\Keil5\ARM\ARM_Compiler_5.06u7\Bin
C Compiler:      Armcc.exe V5.06 update 7 (build 960)
Assembler:       Armasm.exe V5.06 update 7 (build 960)
Linker/Locator:  ArmLink.exe V5.06 update 7 (build 960)
Library Manager: ArmAr.exe V5.06 update 7 (build 960)
Hex Converter:   FromElf.exe V5.06 update 7 (build 960)
CPU DLL:         SARMCM3.DLL V5.41.0.0
Dialog DLL:      DCM.DLL V1.17.5.0
Target DLL:      CMSIS_AGDI.dll V1.33.21.0
Dialog DLL:      TCM.DLL V1.56.4.0
 
<h2>Project:</h2>
C:\Users\98490\Desktop\TD11\F411_VibrationSensor_RTOS\MDK-ARM\F411_VibrationSensor_RTOS.uvprojx
Project File Date:  01/05/2026

<h2>Output:</h2>
*** Using Compiler 'V5.06 update 7 (build 960)', folder: 'D:\Keil5\ARM\ARM_Compiler_5.06u7\Bin'
Rebuild target 'F411_VibrationSensor_RTOS'
assembling startup_stm32f411xe.s...
compiling stm32f4xx_hal_flash.c...
compiling stm32f4xx_hal_rcc_ex.c...
compiling stm32f4xx_hal_flash_ex.c...
compiling stm32f4xx_hal_timebase_tim.c...
compiling stm32f4xx_hal_msp.c...
../BSP/Eigenvalue calculation.h(36): warning:  #1295-D: Deprecated declaration print_FEATURE - give arg types
  void print_FEATURE();
../BSP/flash.h(67): warning:  #1-D: last line of file ends without a newline
  #endif /* __FLASH_H__ */
../Core/Src/stm32f4xx_hal_msp.c: 2 warnings, 0 errors
compiling stm32f4xx_hal_rcc.c...
compiling freertos.c...
../BSP/Eigenvalue calculation.h(36): warning:  #1295-D: Deprecated declaration print_FEATURE - give arg types
  void print_FEATURE();
../BSP/flash.h(67): warning:  #1-D: last line of file ends without a newline
  #endif /* __FLASH_H__ */
../Core/Src/freertos.c: 2 warnings, 0 errors
compiling gpio.c...
../BSP/Eigenvalue calculation.h(36): warning:  #1295-D: Deprecated declaration print_FEATURE - give arg types
  void print_FEATURE();
../BSP/flash.h(67): warning:  #1-D: last line of file ends without a newline
  #endif /* __FLASH_H__ */
../Core/Src/gpio.c: 2 warnings, 0 errors
compiling dma.c...
../BSP/Eigenvalue calculation.h(36): warning:  #1295-D: Deprecated declaration print_FEATURE - give arg types
  void print_FEATURE();
../BSP/flash.h(67): warning:  #1-D: last line of file ends without a newline
  #endif /* __FLASH_H__ */
../Core/Src/dma.c: 2 warnings, 0 errors
compiling spi.c...
../BSP/Eigenvalue calculation.h(36): warning:  #1295-D: Deprecated declaration print_FEATURE - give arg types
  void print_FEATURE();
../BSP/flash.h(67): warning:  #1-D: last line of file ends without a newline
  #endif /* __FLASH_H__ */
../Core/Src/spi.c: 2 warnings, 0 errors
compiling main.c...
../BSP/Eigenvalue calculation.h(36): warning:  #1295-D: Deprecated declaration print_FEATURE - give arg types
  void print_FEATURE();
../BSP/flash.h(67): warning:  #1-D: last line of file ends without a newline
  #endif /* __FLASH_H__ */
../Core/Src/main.c: 2 warnings, 0 errors
compiling usart.c...
../BSP/Eigenvalue calculation.h(36): warning:  #1295-D: Deprecated declaration print_FEATURE - give arg types
  void print_FEATURE();
../BSP/flash.h(67): warning:  #1-D: last line of file ends without a newline
  #endif /* __FLASH_H__ */
../Core/Src/usart.c: 2 warnings, 0 errors
compiling stm32f4xx_hal_flash_ramfunc.c...
compiling stm32f4xx_it.c...
../BSP/Eigenvalue calculation.h(36): warning:  #1295-D: Deprecated declaration print_FEATURE - give arg types
  void print_FEATURE();
../BSP/flash.h(67): warning:  #1-D: last line of file ends without a newline
  #endif /* __FLASH_H__ */
../Core/Src/stm32f4xx_it.c: 2 warnings, 0 errors
compiling stm32f4xx_hal_gpio.c...
compiling croutine.c...
compiling stm32f4xx_hal_dma_ex.c...
compiling stm32f4xx_hal_pwr_ex.c...
compiling event_groups.c...
compiling stm32f4xx_hal_dma.c...
compiling stm32f4xx_hal_exti.c...
compiling stm32f4xx_hal_pwr.c...
compiling list.c...
compiling queue.c...
compiling stream_buffer.c...
compiling timers.c...
compiling heap_4.c...
compiling tasks.c...
compiling stm32f4xx_hal_cortex.c...
compiling system_stm32f4xx.c...
compiling stm32f4xx_hal.c...
compiling port.c...
compiling stm32f4xx_hal_tim_ex.c...
compiling stm32f4xx_hal_uart.c...
compiling stm32f4xx_hal_tim.c...
compiling stm32f4xx_hal_spi.c...
compiling cmsis_os2.c...
compiling Eigenvalue calculation.c...
../BSP/flash.h(67): warning:  #1-D: last line of file ends without a newline
  #endif /* __FLASH_H__ */
..\BSP\Eigenvalue calculation.h(36): warning:  #1295-D: Deprecated declaration print_FEATURE - give arg types
  void print_FEATURE();
..\BSP\Eigenvalue calculation.c: 2 warnings, 0 errors
compiling KX134.c...
../BSP/Eigenvalue calculation.h(36): warning:  #1295-D: Deprecated declaration print_FEATURE - give arg types
  void print_FEATURE();
../BSP/flash.h(67): warning:  #1-D: last line of file ends without a newline
  #endif /* __FLASH_H__ */
..\BSP\KX134.c(172): warning:  #1-D: last line of file ends without a newline
  }
..\BSP\KX134.c: 3 warnings, 0 errors
compiling flash.c...
../BSP/Eigenvalue calculation.h(36): warning:  #1295-D: Deprecated declaration print_FEATURE - give arg types
  void print_FEATURE();
../BSP/flash.h(67): warning:  #1-D: last line of file ends without a newline
  #endif /* __FLASH_H__ */
..\BSP\flash.h(67): warning:  #1-D: last line of file ends without a newline
  #endif /* __FLASH_H__ */
..\BSP\flash.c(146): warning:  #1-D: last line of file ends without a newline
  }
..\BSP\flash.c: 4 warnings, 0 errors
compiling protocol.c...
../BSP/Eigenvalue calculation.h(36): warning:  #1295-D: Deprecated declaration print_FEATURE - give arg types
  void print_FEATURE();
../BSP/flash.h(67): warning:  #1-D: last line of file ends without a newline
  #endif /* __FLASH_H__ */
..\BSP\protocol.c(558): warning:  #1-D: last line of file ends without a newline
  }
..\BSP\protocol.c(116): warning:  #177-D: function "send_feature_pkt_test"  was declared but never referenced
  static void send_feature_pkt_test(uint8_t dev_id)
..\BSP\protocol.c(318): warning:  #177-D: function "CALIBRATION_Config_SendAck"  was declared but never referenced
  static void CALIBRATION_Config_SendAck(uint8_t dev_id)
..\BSP\protocol.c: 5 warnings, 0 errors
linking...
Program Size: Code=34756 RO-data=79456 RW-data=276 ZI-data=126348  
FromELF: creating hex file...
After Build - User command #1: fromelf.exe --bin -o "F411_VibrationSensor_RTOS\F411_VibrationSensor_RTOS.bin" "F411_VibrationSensor_RTOS\F411_VibrationSensor_RTOS.axf"
"F411_VibrationSensor_RTOS\F411_VibrationSensor_RTOS.axf" - 0 Error(s), 30 Warning(s).

<h2>Software Packages used:</h2>

Package Vendor: ARM
                https://www.keil.com/pack/ARM.CMSIS.6.1.0.pack
                ARM::CMSIS@6.1.0
                CMSIS (Common Microcontroller Software Interface Standard)
   * Component: CORE Version: 6.1.0

Package Vendor: Keil
                https://www.keil.com/pack/Keil.STM32F4xx_DFP.2.17.1.pack
                Keil::STM32F4xx_DFP@2.17.1
                STMicroelectronics STM32F4 Series Device Support, Drivers and Examples

<h2>Collection of Component include folders:</h2>
  ./RTE/_F411_VibrationSensor_RTOS
  D:/Keil5/ARM/PACK/ARM/CMSIS/6.1.0/CMSIS/Core/Include
  D:/Keil5/ARM/PACK/Keil/STM32F4xx_DFP/2.17.1/Drivers/CMSIS/Device/ST/STM32F4xx/Include

<h2>Collection of Component Files used:</h2>

   * Component: ARM::CMSIS:CORE@6.1.0
      Include file:  CMSIS/Core/Include/tz_context.h
Build Time Elapsed:  00:00:12
</pre>
</body>
</html>
